// Vitest Snapshot v1, https://vitest.dev/guide/snapshot.html

exports[`HomePage > renders correctly the component 1`] = `
<div>
  <div
    class="container"
  >
    <div
      class="_row_850846 row"
    >
      <div
        class="_col_850846 col"
      >
        <div>
          <div
            align="middle"
            class="row"
            justify="center"
          >
            <div
              class="_loginForm_c89caa"
            >
              <h2>
                Admin
              </h2>
              <form
                class="_formLogin_c89caa"
              >
                <div
                  class="_field_c89caa"
                >
                  <label
                    class="_label_c89caa"
                    for="name"
                  >
                    Name:
                  </label>
                  <input
                    id="name"
                    name="name"
                    required=""
                  />
                </div>
                <div
                  class="_field_c89caa"
                >
                  <label
                    class="_label_c89caa"
                    for="password"
                  >
                    Password:
                  </label>
                  <input
                    id="password"
                    name="password"
                    required=""
                    type="password"
                  />
                </div>
                <input
                  class="submit"
                  type="submit"
                />
              </form>
            </div>
          </div>
        </div>
      </div>
      <div
        class="col"
      >
        <div>
          <div
            align="middle"
            class="row"
            justify="center"
          >
            <div
              class="_loginForm_c89caa"
            >
              <h2>
                User
              </h2>
              <form
                class="_formLogin_c89caa"
              >
                <div
                  class="_field_c89caa"
                >
                  <label
                    class="_label_c89caa"
                    for="name"
                  >
                    Name:
                  </label>
                  <input
                    id="name"
                    name="name"
                    required=""
                  />
                </div>
                <div
                  class="_field_c89caa"
                >
                  <label
                    class="_label_c89caa"
                    for="password"
                  >
                    Password:
                  </label>
                  <input
                    id="password"
                    name="password"
                    required=""
                    type="password"
                  />
                </div>
                <input
                  class="submit"
                  type="submit"
                />
              </form>
            </div>
          </div>
        </div>
        <div
          class="_qrContainer_850846"
        >
          <button>
            Login with QrCode
          </button>
        </div>
      </div>
    </div>
  </div>
</div>
`;
