// Vitest Snapshot v1, https://vitest.dev/guide/snapshot.html

exports[`Games > renders the component 1`] = `
<div>
  <div
    class="container"
  >
    <div
      class="row"
    >
      <div
        class="_column_9b1875 col"
      >
        <h3>
          Create Game
        </h3>
        <div
          class="_container_9b1875"
        >
          <form
            class="_form_9b1875"
          >
            <div
              class="_field_9b1875"
            >
              <label
                class="_label_9b1875"
                for="date"
              >
                Date:
              </label>
              <input
                data-testid="date"
                id="date"
                name="date"
                placeholder="date"
                required=""
                type="date"
              />
            </div>
            <div
              class="_field_9b1875"
            >
              <label
                class="_label_9b1875"
                for="name"
              >
                Name:
              </label>
              <input
                id="name"
                name="name"
                required=""
                type="text"
              />
            </div>
            <div
              class="_field_9b1875"
            >
              <label
                class="_label_9b1875"
                for="image"
              >
                Image:
              </label>
              <input
                accept="image/*"
                id="image"
                name="image"
                required=""
                type="file"
              />
            </div>
            <div
              class="_field_9b1875"
            >
              <label
                class="_label_9b1875"
                for="visitor"
              >
                Visitor:
              </label>
              <input
                id="visitor"
                name="visitor"
                type="text"
              />
            </div>
            <div
              class="_field_9b1875"
            >
              <label
                class="_label_9b1875"
                for="home"
              >
                Home:
              </label>
              <input
                id="home"
                name="home"
                required=""
                type="text"
              />
            </div>
            <div
              class="row"
            >
              <input
                class="submit"
                data-testid="submitButton"
                type="submit"
                value="Add Game"
              />
            </div>
          </form>
        </div>
      </div>
      <div
        class="col"
      >
        <table
          class="table table-hover"
        >
          <thead>
            <tr>
              <th>
                date
              </th>
              <th>
                name
              </th>
              <th>
                image
              </th>
              <th>
                team.visitor
              </th>
              <th>
                team.home
              </th>
            </tr>
          </thead>
          <tbody />
        </table>
      </div>
    </div>
  </div>
</div>
`;
